[backblue.gif]
[fade.gif]
[index.html]
[platform.twitter.com/widgets.js]
[apis.google.com/js/plusone.js]
[sstatic1.histats.com/09485.gif]
[tutorialsymfony2.eu5.org/index.html]
[tutorialsymfony2.eu5.org/index-2.html]
[tutorialsymfony2.eu5.org/pag1_files/ga_002.js]
[tutorialsymfony2.eu5.org/pag1_files/plusone_002.js]
[tutorialsymfony2.eu5.org/pag1_files/cbgapi.loaded_0]
[tutorialsymfony2.eu5.org/pag1_files/cbgapi.txt]
[tutorialsymfony2.eu5.org/pag1_files/ga.js]
[tutorialsymfony2.eu5.org/pag1_files/plusone.js]
[tutorialsymfony2.eu5.org/pag1_files/jquery.js]
[tutorialsymfony2.eu5.org/pag1_files/underscore.js]
[tutorialsymfony2.eu5.org/pag1_files/doctools.js]
[tutorialsymfony2.eu5.org/pag1_files/theme_extras.js]
[tutorialsymfony2.eu5.org/pag1_files/css.txt]
[tutorialsymfony2.eu5.org/pag1_files/css1.txt]
[tutorialsymfony2.eu5.org/pag1_files/embed.js]
[tutorialsymfony2.eu5.org/pag1_files/thread.js]
[tutorialsymfony2.eu5.org/pag1_files/disqus.js]
[tutorialsymfony2.eu5.org/pag1_files/main.js]
[tutorialsymfony2.eu5.org/pag1_files/element_main.js]
[tutorialsymfony2.eu5.org/pag1_files/theme.js]
[tutorialsymfony2.eu5.org/pag1_files/event.js]
[tutorialsymfony2.eu5.org/pag1_files/embed_002.js]
[tutorialsymfony2.eu5.org/pag1_files/thread_002.js]
[tutorialsymfony2.eu5.org/pag1_files/disqus_002.js]
[tutorialsymfony2.eu5.org/pag1_files/widgets.js]
[tutorialsymfony2.eu5.org/pag1_files/welcome.jpg]
[tutorialsymfony2.eu5.org/pag1_files/homepage.jpg]
[tutorialsymfony2.eu5.org/pag1_files/translate-32.png]
[tutorialsymfony2.eu5.org/pag1.html]
[tutorialsymfony2.eu5.org/pag2_files/ga_002.js]
[tutorialsymfony2.eu5.org/pag2_files/plusone_002.js]
[tutorialsymfony2.eu5.org/pag2_files/cbgapi.loaded_0]
[tutorialsymfony2.eu5.org/pag2_files/cbgapi.txt]
[tutorialsymfony2.eu5.org/pag2_files/ga.js]
[tutorialsymfony2.eu5.org/pag2_files/plusone.js]
[tutorialsymfony2.eu5.org/pag2_files/jquery.js]
[tutorialsymfony2.eu5.org/pag2_files/underscore.js]
[tutorialsymfony2.eu5.org/pag2_files/doctools.js]
[tutorialsymfony2.eu5.org/pag2_files/theme_extras.js]
[tutorialsymfony2.eu5.org/pag2_files/css.txt]
[tutorialsymfony2.eu5.org/pag2_files/css1.txt]
[tutorialsymfony2.eu5.org/pag2_files/embed.js]
[tutorialsymfony2.eu5.org/pag2_files/thread.js]
[tutorialsymfony2.eu5.org/pag2_files/disqus.js]
[tutorialsymfony2.eu5.org/pag2_files/theme.js]
[tutorialsymfony2.eu5.org/pag2_files/event.js]
[tutorialsymfony2.eu5.org/pag2_files/embed_002.js]
[tutorialsymfony2.eu5.org/pag2_files/thread_002.js]
[tutorialsymfony2.eu5.org/pag2_files/disqus_002.js]
[tutorialsymfony2.eu5.org/pag2_files/widgets.js]
[tutorialsymfony2.eu5.org/pag2_files/contact.jpg]
[tutorialsymfony2.eu5.org/pag2_files/post_error.jpg]
[tutorialsymfony2.eu5.org/pag2_files/email_notifications.jpg]
[tutorialsymfony2.eu5.org/pag2.html]
[tutorialsymfony2.eu5.org/pag3_files/ga_002.js]
[tutorialsymfony2.eu5.org/pag3_files/plusone_002.js]
[tutorialsymfony2.eu5.org/pag3_files/cbgapi.loaded_0]
[tutorialsymfony2.eu5.org/pag3_files/cbgapi.txt]
[tutorialsymfony2.eu5.org/pag3_files/ga.js]
[tutorialsymfony2.eu5.org/pag3_files/plusone.js]
[tutorialsymfony2.eu5.org/pag3_files/jquery.js]
[tutorialsymfony2.eu5.org/pag3_files/underscore.js]
[tutorialsymfony2.eu5.org/pag3_files/doctools.js]
[tutorialsymfony2.eu5.org/pag3_files/theme_extras.js]
[tutorialsymfony2.eu5.org/pag3_files/css.txt]
[tutorialsymfony2.eu5.org/pag3_files/css1.txt]
[tutorialsymfony2.eu5.org/pag3_files/embed.js]
[tutorialsymfony2.eu5.org/pag3_files/thread.js]
[tutorialsymfony2.eu5.org/pag3_files/disqus.js]
[tutorialsymfony2.eu5.org/pag3_files/theme.js]
[tutorialsymfony2.eu5.org/pag3_files/event.js]
[tutorialsymfony2.eu5.org/pag3_files/embed_002.js]
[tutorialsymfony2.eu5.org/pag3_files/thread_002.js]
[tutorialsymfony2.eu5.org/pag3_files/disqus_002.js]
[tutorialsymfony2.eu5.org/pag3_files/widgets.js]
[tutorialsymfony2.eu5.org/pag3_files/404_not_found.jpg]
[tutorialsymfony2.eu5.org/pag3_files/blog_show.jpg]
[tutorialsymfony2.eu5.org/pag3.html]
[tutorialsymfony2.eu5.org/pag4_files/ga_002.js]
[tutorialsymfony2.eu5.org/pag4_files/plusone_002.js]
[tutorialsymfony2.eu5.org/pag4_files/cbgapi.loaded_0]
[tutorialsymfony2.eu5.org/pag4_files/cbgapi.txt]
[tutorialsymfony2.eu5.org/pag4_files/ga.js]
[tutorialsymfony2.eu5.org/pag4_files/plusone.js]
[tutorialsymfony2.eu5.org/pag4_files/jquery.js]
[tutorialsymfony2.eu5.org/pag4_files/underscore.js]
[tutorialsymfony2.eu5.org/pag4_files/doctools.js]
[tutorialsymfony2.eu5.org/pag4_files/theme_extras.js]
[tutorialsymfony2.eu5.org/pag4_files/css.txt]
[tutorialsymfony2.eu5.org/pag4_files/css1.txt]
[tutorialsymfony2.eu5.org/pag4_files/embed.js]
[tutorialsymfony2.eu5.org/pag4_files/thread.js]
[tutorialsymfony2.eu5.org/pag4_files/disqus.js]
[tutorialsymfony2.eu5.org/pag4_files/theme.js]
[tutorialsymfony2.eu5.org/pag4_files/event.js]
[tutorialsymfony2.eu5.org/pag4_files/embed_002.js]
[tutorialsymfony2.eu5.org/pag4_files/thread_002.js]
[tutorialsymfony2.eu5.org/pag4_files/disqus_002.js]
[tutorialsymfony2.eu5.org/pag4_files/widgets.js]
[tutorialsymfony2.eu5.org/pag4_files/homepage1.jpg]
[tutorialsymfony2.eu5.org/pag4_files/comments.jpg]
[tutorialsymfony2.eu5.org/pag4_files/to_string_error.jpg]
[tutorialsymfony2.eu5.org/pag4_files/add_comments.jpg]
[tutorialsymfony2.eu5.org/pag4.html]
[tutorialsymfony2.eu5.org/pag5_files/ga_002.js]
[tutorialsymfony2.eu5.org/pag5_files/plusone_002.js]
[tutorialsymfony2.eu5.org/pag5_files/cbgapi.loaded_0]
[tutorialsymfony2.eu5.org/pag5_files/cbgapi.txt]
[tutorialsymfony2.eu5.org/pag5_files/ga.js]
[tutorialsymfony2.eu5.org/pag5_files/plusone.js]
[tutorialsymfony2.eu5.org/pag5_files/jquery.js]
[tutorialsymfony2.eu5.org/pag5_files/underscore.js]
[tutorialsymfony2.eu5.org/pag5_files/doctools.js]
[tutorialsymfony2.eu5.org/pag5_files/theme_extras.js]
[tutorialsymfony2.eu5.org/pag5_files/css.txt]
[tutorialsymfony2.eu5.org/pag5_files/css1.txt]
[tutorialsymfony2.eu5.org/pag5_files/embed.js]
[tutorialsymfony2.eu5.org/pag5_files/thread.js]
[tutorialsymfony2.eu5.org/pag5_files/disqus.js]
[tutorialsymfony2.eu5.org/pag5_files/theme.js]
[tutorialsymfony2.eu5.org/pag5_files/event.js]
[tutorialsymfony2.eu5.org/pag5_files/embed_002.js]
[tutorialsymfony2.eu5.org/pag5_files/thread_002.js]
[tutorialsymfony2.eu5.org/pag5_files/disqus_002.js]
[tutorialsymfony2.eu5.org/pag5_files/widgets.js]
[tutorialsymfony2.eu5.org/pag5_files/doctrine_2_toolbar_icon.jpg]
[tutorialsymfony2.eu5.org/pag5_files/doctrine_2_toolbar_queries.jpg]
[tutorialsymfony2.eu5.org/pag5_files/sidebar.jpg]
[tutorialsymfony2.eu5.org/pag5_files/production_error.jpg]
[tutorialsymfony2.eu5.org/pag5.html]
[tutorialsymfony2.eu5.org/pag6_files/ga_002.js]
[tutorialsymfony2.eu5.org/pag6_files/plusone_002.js]
[tutorialsymfony2.eu5.org/pag6_files/cbgapi.loaded_0]
[tutorialsymfony2.eu5.org/pag6_files/cbgapi.txt]
[tutorialsymfony2.eu5.org/pag6_files/ga.js]
[tutorialsymfony2.eu5.org/pag6_files/plusone.js]
[tutorialsymfony2.eu5.org/pag6_files/jquery.js]
[tutorialsymfony2.eu5.org/pag6_files/underscore.js]
[tutorialsymfony2.eu5.org/pag6_files/doctools.js]
[tutorialsymfony2.eu5.org/pag6_files/theme_extras.js]
[tutorialsymfony2.eu5.org/pag6_files/css.txt]
[tutorialsymfony2.eu5.org/pag6_files/css1.txt]
[tutorialsymfony2.eu5.org/pag6_files/embed.js]
[tutorialsymfony2.eu5.org/pag6_files/thread.js]
[tutorialsymfony2.eu5.org/pag6_files/disqus.js]
[tutorialsymfony2.eu5.org/pag6_files/theme.js]
[tutorialsymfony2.eu5.org/pag6_files/event.js]
[tutorialsymfony2.eu5.org/pag6_files/embed_002.js]
[tutorialsymfony2.eu5.org/pag6_files/thread_002.js]
[tutorialsymfony2.eu5.org/pag6_files/disqus_002.js]
[tutorialsymfony2.eu5.org/pag6_files/widgets.js]
[tutorialsymfony2.eu5.org/pag6.html]
[tutorialsymfony2.eu5.org/pag1_files/haiku.css]
[tutorialsymfony2.eu5.org/pag1_files/pygments.css]
[tutorialsymfony2.eu5.org/pag1_files/print.css]
[tutorialsymfony2.eu5.org/pag1_files/defaults.css]
[www.google.com/images/zippy_minus_sm.gif]
[tutorialsymfony2.eu5.org/pag1_files/translateelement.css]
[tutorialsymfony2.eu5.org/pag1_files/theme.css]
[tutorialsymfony2.eu5.org/pag1_files/defaults_002.css]
[tutorialsymfony2.eu5.org/pag1_files/fastbutton_data/rsAItRSTPaNOllX5zms1yMo2F9SUagNGOnXQ.txt]
[tutorialsymfony2.eu5.org/pag1_files/fastbutton_data/rsAItRSTM8ghSbp52dcvB_ldr7xSqSSEP32Q.txt]
[tutorialsymfony2.eu5.org/pag1_files/fastbutton.html]
[tutorialsymfony2.eu5.org/pag1_files/tweet_button_data/t.gif]
[tutorialsymfony2.eu5.org/pag1_files/tweet_button_data/jot.gif]
[tutorialsymfony2.eu5.org/pag1_files/tweet_button_data/count.txt]
[tutorialsymfony2.eu5.org/pag1_files/tweet_button.html]
[tutorialsymfony2.eu5.org/pag1_files/def_data/quant_002.js]
[tutorialsymfony2.eu5.org/pag1_files/def_data/beacon_002.js]
[tutorialsymfony2.eu5.org/pag1_files/def_data/quant.js]
[tutorialsymfony2.eu5.org/pag1_files/def_data/beacon.js]
[tutorialsymfony2.eu5.org/pag1_files/def.html]
[tutorialsymfony2.eu5.org/pag2_files/haiku.css]
[tutorialsymfony2.eu5.org/pag2_files/pygments.css]
[tutorialsymfony2.eu5.org/pag2_files/print.css]
[tutorialsymfony2.eu5.org/pag2_files/defaults.css]
[tutorialsymfony2.eu5.org/pag2_files/theme.css]
[tutorialsymfony2.eu5.org/pag2_files/defaults_002.css]
[tutorialsymfony2.eu5.org/pag2_files/fastbutton_data/rsAItRSTPaNOllX5zms1yMo2F9SUagNGOnXQ.txt]
[tutorialsymfony2.eu5.org/pag2_files/fastbutton_data/rsAItRSTM8ghSbp52dcvB_ldr7xSqSSEP32Q.txt]
[tutorialsymfony2.eu5.org/pag2_files/fastbutton.html]
[tutorialsymfony2.eu5.org/pag2_files/tweet_button_data/t.gif]
[tutorialsymfony2.eu5.org/pag2_files/tweet_button_data/jot.gif]
[tutorialsymfony2.eu5.org/pag2_files/tweet_button_data/count.txt]
[tutorialsymfony2.eu5.org/pag2_files/tweet_button.html]
[tutorialsymfony2.eu5.org/pag2_files/def_data/quant_002.js]
[tutorialsymfony2.eu5.org/pag2_files/def_data/beacon_002.js]
[tutorialsymfony2.eu5.org/pag2_files/def_data/quant.js]
[tutorialsymfony2.eu5.org/pag2_files/def_data/beacon.js]
[tutorialsymfony2.eu5.org/pag2_files/def.html]
[tutorialsymfony2.eu5.org/pag3_files/haiku.css]
[tutorialsymfony2.eu5.org/pag3_files/pygments.css]
[tutorialsymfony2.eu5.org/pag3_files/print.css]
[tutorialsymfony2.eu5.org/pag3_files/defaults.css]
[tutorialsymfony2.eu5.org/pag3_files/theme.css]
[tutorialsymfony2.eu5.org/pag3_files/defaults_002.css]
[tutorialsymfony2.eu5.org/pag3_files/fastbutton_data/rsAItRSTPaNOllX5zms1yMo2F9SUagNGOnXQ.txt]
[tutorialsymfony2.eu5.org/pag3_files/fastbutton_data/rsAItRSTM8ghSbp52dcvB_ldr7xSqSSEP32Q.txt]
[tutorialsymfony2.eu5.org/pag3_files/fastbutton.html]
[tutorialsymfony2.eu5.org/pag3_files/tweet_button_data/t.gif]
[tutorialsymfony2.eu5.org/pag3_files/tweet_button_data/count.txt]
[tutorialsymfony2.eu5.org/pag3_files/tweet_button.html]
[tutorialsymfony2.eu5.org/pag3_files/def_data/quant_002.js]
[tutorialsymfony2.eu5.org/pag3_files/def_data/beacon_002.js]
[tutorialsymfony2.eu5.org/pag3_files/def_data/quant.js]
[tutorialsymfony2.eu5.org/pag3_files/def_data/beacon.js]
[tutorialsymfony2.eu5.org/pag3_files/def.html]
[tutorialsymfony2.eu5.org/pag4_files/haiku.css]
[tutorialsymfony2.eu5.org/pag4_files/pygments.css]
[tutorialsymfony2.eu5.org/pag4_files/print.css]
[tutorialsymfony2.eu5.org/pag4_files/defaults.css]
[tutorialsymfony2.eu5.org/pag4_files/theme.css]
[tutorialsymfony2.eu5.org/pag4_files/defaults_002.css]
[tutorialsymfony2.eu5.org/pag4_files/fastbutton_data/rsAItRSTPaNOllX5zms1yMo2F9SUagNGOnXQ.txt]
[tutorialsymfony2.eu5.org/pag4_files/fastbutton_data/rsAItRSTM8ghSbp52dcvB_ldr7xSqSSEP32Q.txt]
[tutorialsymfony2.eu5.org/pag4_files/fastbutton.html]
[tutorialsymfony2.eu5.org/pag4_files/tweet_button_data/t.gif]
[tutorialsymfony2.eu5.org/pag4_files/tweet_button_data/count.txt]
[tutorialsymfony2.eu5.org/pag4_files/tweet_button.html]
[tutorialsymfony2.eu5.org/pag4_files/def_data/quant_002.js]
[tutorialsymfony2.eu5.org/pag4_files/def_data/beacon_002.js]
[tutorialsymfony2.eu5.org/pag4_files/def_data/quant.js]
[tutorialsymfony2.eu5.org/pag4_files/def_data/beacon.js]
[tutorialsymfony2.eu5.org/pag4_files/def.html]
[tutorialsymfony2.eu5.org/pag5_files/haiku.css]
[tutorialsymfony2.eu5.org/pag5_files/pygments.css]
[tutorialsymfony2.eu5.org/pag5_files/print.css]
[tutorialsymfony2.eu5.org/pag5_files/defaults.css]
[tutorialsymfony2.eu5.org/pag5_files/theme.css]
[tutorialsymfony2.eu5.org/pag5_files/defaults_002.css]
[tutorialsymfony2.eu5.org/pag5_files/fastbutton_data/rsAItRSTPaNOllX5zms1yMo2F9SUagNGOnXQ.txt]
[tutorialsymfony2.eu5.org/pag5_files/fastbutton_data/rsAItRSTM8ghSbp52dcvB_ldr7xSqSSEP32Q.txt]
[tutorialsymfony2.eu5.org/pag5_files/fastbutton.html]
[tutorialsymfony2.eu5.org/pag5_files/tweet_button_data/t.gif]
[tutorialsymfony2.eu5.org/pag5_files/tweet_button_data/count.txt]
[tutorialsymfony2.eu5.org/pag5_files/tweet_button.html]
[tutorialsymfony2.eu5.org/pag5_files/def_data/quant_002.js]
[tutorialsymfony2.eu5.org/pag5_files/def_data/beacon_002.js]
[tutorialsymfony2.eu5.org/pag5_files/def_data/quant.js]
[tutorialsymfony2.eu5.org/pag5_files/def_data/beacon.js]
[tutorialsymfony2.eu5.org/pag5_files/def.html]
[tutorialsymfony2.eu5.org/pag6_files/haiku.css]
[tutorialsymfony2.eu5.org/pag6_files/pygments.css]
[tutorialsymfony2.eu5.org/pag6_files/print.css]
[tutorialsymfony2.eu5.org/pag6_files/defaults.css]
[tutorialsymfony2.eu5.org/pag6_files/theme.css]
[tutorialsymfony2.eu5.org/pag6_files/defaults_002.css]
[tutorialsymfony2.eu5.org/pag6_files/fastbutton_data/rsAItRSTPaNOllX5zms1yMo2F9SUagNGOnXQ.txt]
[tutorialsymfony2.eu5.org/pag6_files/fastbutton_data/rsAItRSTM8ghSbp52dcvB_ldr7xSqSSEP32Q.txt]
[tutorialsymfony2.eu5.org/pag6_files/fastbutton.html]
[tutorialsymfony2.eu5.org/pag6_files/tweet_button_data/t.gif]
[tutorialsymfony2.eu5.org/pag6_files/tweet_button_data/count.txt]
[tutorialsymfony2.eu5.org/pag6_files/tweet_button.html]
[tutorialsymfony2.eu5.org/pag6_files/def_data/quant_002.js]
[tutorialsymfony2.eu5.org/pag6_files/def_data/beacon_002.js]
[tutorialsymfony2.eu5.org/pag6_files/def_data/quant.js]
[tutorialsymfony2.eu5.org/pag6_files/def_data/beacon.js]
[tutorialsymfony2.eu5.org/pag6_files/def.html]
[ssl.gstatic.com/s2/oz/images/stars/po/Publisher/spin.gif]
[tutorialsymfony2.eu5.org/pag1_files/fastbutton_data/rsAItRSTPZNRSyLu4M5tHYWfGKhWPJhLzmKg.css]
[tutorialsymfony2.eu5.org/pag1_files/$1/index.html]
[tutorialsymfony2.eu5.org/pag1_files/AppleWebKit/index.html]
[tutorialsymfony2.eu5.org/pag2_files/fastbutton_data/rsAItRSTPZNRSyLu4M5tHYWfGKhWPJhLzmKg.css]
[tutorialsymfony2.eu5.org/pag2_files/$1/index.html]
[tutorialsymfony2.eu5.org/pag2_files/AppleWebKit/index.html]
[tutorialsymfony2.eu5.org/pag3_files/fastbutton_data/rsAItRSTPZNRSyLu4M5tHYWfGKhWPJhLzmKg.css]
[tutorialsymfony2.eu5.org/pag3_files/$1/index.html]
[tutorialsymfony2.eu5.org/pag3_files/AppleWebKit/index.html]
[tutorialsymfony2.eu5.org/pag4_files/fastbutton_data/rsAItRSTPZNRSyLu4M5tHYWfGKhWPJhLzmKg.css]
[tutorialsymfony2.eu5.org/pag4_files/$1/index.html]
[tutorialsymfony2.eu5.org/pag4_files/AppleWebKit/index.html]
[tutorialsymfony2.eu5.org/pag5_files/fastbutton_data/rsAItRSTPZNRSyLu4M5tHYWfGKhWPJhLzmKg.css]
[tutorialsymfony2.eu5.org/pag5_files/$1/index.html]
[tutorialsymfony2.eu5.org/pag5_files/AppleWebKit/index.html]
[tutorialsymfony2.eu5.org/pag6_files/fastbutton_data/rsAItRSTPZNRSyLu4M5tHYWfGKhWPJhLzmKg.css]
[tutorialsymfony2.eu5.org/pag6_files/$1/index.html]
[tutorialsymfony2.eu5.org/pag6_files/AppleWebKit/index.html]
[p.twitter.com/t1bfb.gif]
